---
source: src/domain/semver.rs
expression: result
snapshot_kind: text
---
Major: ❗
Minor: 📦
Patch: 🔧
None: 😐
Unknown: 🤷
