---
source: src/domain/semver/tests.rs
expression: result
---
Major: ❗
Minor: 📦
Patch: 🔧
None: 😐
Unknown: 🤷
